[www.sinohacesnadasosparte.org/index.html]
[i.ibb.co/68Rtsh4/favidewa.png]
[backblue.gif]
[fade.gif]
[index.html]
[cdn.ampproject.org/v0/amp-analytics-0.1.js]
[www.sinohacesnadasosparte.org/assets/images/tools-sprite.png]
[www.sinohacesnadasosparte.org/assets/images/slot-arrow.png]
[www.sinohacesnadasosparte.org/assets/images/logo-sprite.png]
[www.sinohacesnadasosparte.org/assets/images/menu-sprite.png]
[www.sinohacesnadasosparte.org/assets/images/icon-home.svg]
[www.sinohacesnadasosparte.org/assets/images/icon-games.svg]
[www.sinohacesnadasosparte.org/assets/images/icon-login2.svg]
[www.sinohacesnadasosparte.org/assets/images/icon-contact.svg]
[cdn.ampproject.org/v0.js]
[cdn.ampproject.org/v0/amp-carousel-0.1.js]
[cdn.ampproject.org/v0/amp-sidebar-0.1.js]
[www.sinohacesnadasosparte.org/assets/images/icon2-home.svg]
[www.sinohacesnadasosparte.org/assets/images/icon2-games.svg]
[www.sinohacesnadasosparte.org/assets/images/icon2-login.svg]
[www.sinohacesnadasosparte.org/assets/images/icon2-desktop.svg]
[www.sinohacesnadasosparte.org/assets/images/logodewa.png]
[www.sinohacesnadasosparte.org/assets/images/menu3860.png]
[www.sinohacesnadasosparte.org/assets/images/menus/slots/SLOTS-PP.png]
[www.sinohacesnadasosparte.org/assets/images/menus/slots/SLOTS-GGSLOTS.png]
[www.sinohacesnadasosparte.org/assets/images/menus/slots/SLOTS-HABANERO.png]
[www.sinohacesnadasosparte.org/assets/images/menus/slots/SLOTS-joker.jpg]
[www.sinohacesnadasosparte.org/assets/images/menus/slots/SLOTS-MICROGAMING.png]
[www.sinohacesnadasosparte.org/assets/images/menus/slots/SLOTS-pg.png]
[www.sinohacesnadasosparte.org/assets/images/menus/slots/SLOTS-PLAYNGO.png]
[www.sinohacesnadasosparte.org/assets/images/menus/slots/SLOTS-PLAYTECH.png]
[www.sinohacesnadasosparte.org/assets/images/menus/slots/SLOTS-SBOCQ9.png]
[www.sinohacesnadasosparte.org/assets/images/menus/slots/SLOTS-SBOFLOWGAMING.png]
[www.sinohacesnadasosparte.org/assets/images/menus/slots/SLOTS-SBOREALTIMEGAMING.png]
[www.sinohacesnadasosparte.org/assets/images/menus/slots/SLOTS-SPADEGAMING.png]
[www.sinohacesnadasosparte.org/assets/images/menus/arcades/ARCADE-clawgames.png]
[www.sinohacesnadasosparte.org/assets/images/menus/arcades/ARCADE-ggaming.png]
[www.sinohacesnadasosparte.org/assets/images/menus/arcades/ARCADE-jokerfishing.png]
[www.sinohacesnadasosparte.org/assets/images/menus/arcades/ARCADE-mmtangkas.png]
[www.sinohacesnadasosparte.org/assets/images/menus/poker/MULTI-g8poker.png]
[www.sinohacesnadasosparte.org/assets/images/menus/poker/MULTI-idnplay.png]
[www.sinohacesnadasosparte.org/assets/images/menus/poker/MULTI-onepoker.png]
[www.sinohacesnadasosparte.org/assets/images/menus/casino/CASINO-agg.png]
[www.sinohacesnadasosparte.org/assets/images/menus/casino/CASINO-ion-club.png]
[www.sinohacesnadasosparte.org/assets/images/menus/casino/CASINO-SBOCasino.png]
[www.sinohacesnadasosparte.org/assets/images/menus/casino/CASINO-SBOSEXYBACCARAT.png]
[www.sinohacesnadasosparte.org/assets/images/menus/cockfight/COCKFIGHT-S128.png]
[www.sinohacesnadasosparte.org/assets/images/menus/lottery/LOTTERY-isin4d.jpg]
[www.sinohacesnadasosparte.org/assets/images/menus/sports/SPORTS-IBCSPORTS.png]
[www.sinohacesnadasosparte.org/assets/images/menus/sports/SPORTS-SBO.png]
[www.sinohacesnadasosparte.org/assets/images/menus/sports/SPORTS-SBOVIRTUALGAMES.png]
[i.ibb.co/4NPkqMP/bener-ds-TURNAMENT-SLOT.jpg]
[i.ibb.co/LJmv9q7/id-cbd-5769e065-af44-456e-b2ec-c0fc07d20ca3-1653988031883.jpg]
[www.sinohacesnadasosparte.org/assets/images/winner-slot3.jpg]
[www.sinohacesnadasosparte.org/assets/images/homepage_tabbingplay2.png]
[www.sinohacesnadasosparte.org/assets/images/SPADEGAMING_logo_home.png]
[www.sinohacesnadasosparte.org/assets/images/RTG_logo_home.png]
[www.sinohacesnadasosparte.org/assets/images/games-1.png]
[www.sinohacesnadasosparte.org/assets/images/vs5joker.png]
[www.sinohacesnadasosparte.org/assets/images/vs8magicjourn.png]
[www.sinohacesnadasosparte.org/assets/images/vs20egypt.png]
[www.sinohacesnadasosparte.org/assets/images/vs25mustang.png]
[www.sinohacesnadasosparte.org/assets/images/vs40frrainbow.png]
[www.sinohacesnadasosparte.org/assets/images/jackpot-bg-mobile.gif]
[www.sinohacesnadasosparte.org/assets/images/animated_img3.png]
[www.sinohacesnadasosparte.org/assets/images/bca-logo.png]
[www.sinohacesnadasosparte.org/assets/images/bni-logo.png]
[www.sinohacesnadasosparte.org/assets/images/bri-logo.png]
[www.sinohacesnadasosparte.org/assets/images/mandiri-logo.png]
[www.sinohacesnadasosparte.org/assets/images/telkomsel-logo.png]
[www.sinohacesnadasosparte.org/assets/images/xl-logo.png]
[www.sinohacesnadasosparte.org/assets/images/icon-apk 1.svg]
[www.sinohacesnadasosparte.org/assets/images/icon-daftar (1).svg]
[www.sinohacesnadasosparte.org/assets/images/icon-promo 1.svg]
[www.sinohacesnadasosparte.org/assets/images/icon-live chat 1.svg]
[i.ibb.co/kXzyTny/tele.png]
[i.ibb.co/KWJ2P5x/wa-1.png]
[i.ibb.co/PZYYxBZ/lc-1.png]
[www.sinohacesnadasosparte.org/index.html]
[www.sinohacesnadasosparte.org/assets/images/icon-home.svg]
[www.sinohacesnadasosparte.org/assets/images/icon-games.svg]
[www.sinohacesnadasosparte.org/assets/images/icon-login2.svg]
[www.sinohacesnadasosparte.org/assets/images/icon-contact.svg]
[www.sinohacesnadasosparte.org/assets/images/icon2-home.svg]
[www.sinohacesnadasosparte.org/assets/images/icon2-games.svg]
[www.sinohacesnadasosparte.org/assets/images/icon2-login.svg]
[www.sinohacesnadasosparte.org/assets/images/icon2-desktop.svg]
[www.sinohacesnadasosparte.org/assets/images/icon-apk 1.svg]
[www.sinohacesnadasosparte.org/assets/images/icon-daftar (1).svg]
[www.sinohacesnadasosparte.org/assets/images/icon-promo 1.svg]
[www.sinohacesnadasosparte.org/assets/images/icon-live chat 1.svg]
